# Joueur : Florian
## Avatar : SpiderMan
**Classe d'avatar** : ARCHER
**Niveau** : 1

### Capacit√©s :
* **VIS** : 3
* **ATK** : 3
* **CHA** : 1
* **INT** : 1

### Inventaire** :